<TestRun id="4f22bb5f-1f26-442e-bb7a-f4b3469f879e" name="MININT-JGGQRNR\songgao 2023-02-02T11:28:02.081Z" runUser="MININT-JGGQRNR\songgao" xmlns="http://microsoft.com/schemas/VisualStudio/TeamTest/2010">
<TestDefinitions>
<UnitTest id="9d791c3d-6695-5db3-a9b4-a3b0c6eed934" name="trx-owner" storage="D:\MyRepo\trx-reporter-for-playwright\playwright-tests\example.spec.ts">
<Owners>
<Owner name="Song Gao"/>
</Owners>
<TestMethod className="chromium &gt; example.spec.ts" codeBase="D:\MyRepo\trx-reporter-for-playwright\playwright-tests\example.spec.ts" name="trx-owner"/>
</UnitTest>
<UnitTest id="04568db8-8468-57c2-9447-9f9bfec179a5" name="trx-priority" priority="1" storage="D:\MyRepo\trx-reporter-for-playwright\playwright-tests\example.spec.ts">
<TestMethod className="chromium &gt; example.spec.ts" codeBase="D:\MyRepo\trx-reporter-for-playwright\playwright-tests\example.spec.ts" name="trx-priority"/>
</UnitTest>
<UnitTest id="01ce8f93-9bd0-5008-82dc-83ea6db527b7" name="trx-exception" storage="D:\MyRepo\trx-reporter-for-playwright\playwright-tests\example.spec.ts">
<TestMethod className="chromium &gt; example.spec.ts" codeBase="D:\MyRepo\trx-reporter-for-playwright\playwright-tests\example.spec.ts" name="trx-exception"/>
</UnitTest>
<UnitTest id="f1fbf9d4-af2b-5277-b100-558d02b71af2" name="trx-retry-when-failed" storage="D:\MyRepo\trx-reporter-for-playwright\playwright-tests\example.spec.ts">
<TestMethod className="chromium &gt; example.spec.ts" codeBase="D:\MyRepo\trx-reporter-for-playwright\playwright-tests\example.spec.ts" name="trx-retry-when-failed"/>
</UnitTest>
<UnitTest id="18225929-31e3-52ff-a669-7df9fe804a08" name="trx-stdout" storage="D:\MyRepo\trx-reporter-for-playwright\playwright-tests\example.spec.ts">
<TestMethod className="chromium &gt; example.spec.ts" codeBase="D:\MyRepo\trx-reporter-for-playwright\playwright-tests\example.spec.ts" name="trx-stdout"/>
</UnitTest>
<UnitTest id="32bbf147-3f79-5604-b8d9-5fdd5f912808" name="trx-stderr" storage="D:\MyRepo\trx-reporter-for-playwright\playwright-tests\example.spec.ts">
<TestMethod className="chromium &gt; example.spec.ts" codeBase="D:\MyRepo\trx-reporter-for-playwright\playwright-tests\example.spec.ts" name="trx-stderr"/>
</UnitTest>
<UnitTest id="c95cc757-d94d-5cb4-bd6e-c794d1e4624e" name="trx-attachment-text" storage="D:\MyRepo\trx-reporter-for-playwright\playwright-tests\example.spec.ts">
<TestMethod className="chromium &gt; example.spec.ts" codeBase="D:\MyRepo\trx-reporter-for-playwright\playwright-tests\example.spec.ts" name="trx-attachment-text"/>
</UnitTest>
<UnitTest id="c0e565df-9e66-570f-8028-927454205bcd" name="trx-attachment-png" storage="D:\MyRepo\trx-reporter-for-playwright\playwright-tests\example.spec.ts">
<TestMethod className="chromium &gt; example.spec.ts" codeBase="D:\MyRepo\trx-reporter-for-playwright\playwright-tests\example.spec.ts" name="trx-attachment-png"/>
</UnitTest>
<UnitTest id="81fa697e-f6ee-5542-b2f8-c13837512c20" name="trx-out-of-time" storage="D:\MyRepo\trx-reporter-for-playwright\playwright-tests\example.spec.ts">
<TestMethod className="chromium &gt; example.spec.ts" codeBase="D:\MyRepo\trx-reporter-for-playwright\playwright-tests\example.spec.ts" name="trx-out-of-time"/>
</UnitTest>
<UnitTest id="2c91d602-0f17-5c1e-9936-9b0ef9c51917" name="auto" priority="5" storage="D:\MyRepo\trx-reporter-for-playwright\playwright-tests\example.spec.ts">
<Owners>
<Owner name="Someone"/>
</Owners>
<TestMethod className="chromium &gt; example.spec.ts" codeBase="D:\MyRepo\trx-reporter-for-playwright\playwright-tests\example.spec.ts" name="auto"/>
</UnitTest>
</TestDefinitions>
<TestLists>
<TestList id="8c84fa94-04c1-424b-9868-57a2d4851a1d" name="Results Not in a List"/>
<TestList id="19431567-8539-422a-85d7-44ee4e166bda" name="All Loaded Results"/>
</TestLists>
<TestEntries>
<TestEntry testId="9d791c3d-6695-5db3-a9b4-a3b0c6eed934" executionId="2f6dff8d-0993-43e1-89ae-c788b240d353" testListId="8c84fa94-04c1-424b-9868-57a2d4851a1d"/>
<TestEntry testId="04568db8-8468-57c2-9447-9f9bfec179a5" executionId="93b0e3f2-84d1-4e11-b369-b0f3619d8f09" testListId="8c84fa94-04c1-424b-9868-57a2d4851a1d"/>
<TestEntry testId="01ce8f93-9bd0-5008-82dc-83ea6db527b7" executionId="f243b1e8-ef19-4a96-ab7e-68e4e1fff664" testListId="8c84fa94-04c1-424b-9868-57a2d4851a1d"/>
<TestEntry testId="f1fbf9d4-af2b-5277-b100-558d02b71af2" executionId="496abc9d-ab41-4ab3-b823-1acf71e9e427" testListId="8c84fa94-04c1-424b-9868-57a2d4851a1d"/>
<TestEntry testId="f1fbf9d4-af2b-5277-b100-558d02b71af2" executionId="afe15d7f-d0e5-4c81-81db-2a1aa36c915d" testListId="8c84fa94-04c1-424b-9868-57a2d4851a1d"/>
<TestEntry testId="18225929-31e3-52ff-a669-7df9fe804a08" executionId="6f3c7625-ac47-4193-8f46-771fb177f767" testListId="8c84fa94-04c1-424b-9868-57a2d4851a1d"/>
<TestEntry testId="32bbf147-3f79-5604-b8d9-5fdd5f912808" executionId="21788887-e2d7-4137-92be-15d07f6d9b3c" testListId="8c84fa94-04c1-424b-9868-57a2d4851a1d"/>
<TestEntry testId="c95cc757-d94d-5cb4-bd6e-c794d1e4624e" executionId="219ef51e-2b78-4c2f-b763-1a3d4474cd42" testListId="8c84fa94-04c1-424b-9868-57a2d4851a1d"/>
<TestEntry testId="c0e565df-9e66-570f-8028-927454205bcd" executionId="787fd69b-4324-414e-a5b6-8c56ecc85f56" testListId="8c84fa94-04c1-424b-9868-57a2d4851a1d"/>
<TestEntry testId="81fa697e-f6ee-5542-b2f8-c13837512c20" executionId="b4b69980-8e25-465a-9306-2028db248673" testListId="8c84fa94-04c1-424b-9868-57a2d4851a1d"/>
<TestEntry testId="2c91d602-0f17-5c1e-9936-9b0ef9c51917" executionId="777e5e81-67c7-4a01-9cb0-d107c68f3a72" testListId="8c84fa94-04c1-424b-9868-57a2d4851a1d"/>
</TestEntries>
<Times creation="2023-02-02T11:28:02.081Z" finish="2023-02-02T11:28:08.447Z"/>
<Results>
<UnitTestResult testName="trx-owner" testType="13cdc9d9-ddb5-4fa4-a97d-d965ccfc6d4b" testId="9d791c3d-6695-5db3-a9b4-a3b0c6eed934" testListId="8c84fa94-04c1-424b-9868-57a2d4851a1d" computerName="MININT-JGGQRNR" executionId="2f6dff8d-0993-43e1-89ae-c788b240d353" outcome="Passed" startTime="2023-02-02T11:28:02.854Z" endTime="2023-02-02T11:28:03.309Z" duration="00:00:00.455"/>
<UnitTestResult testName="trx-priority" testType="13cdc9d9-ddb5-4fa4-a97d-d965ccfc6d4b" testId="04568db8-8468-57c2-9447-9f9bfec179a5" testListId="8c84fa94-04c1-424b-9868-57a2d4851a1d" computerName="MININT-JGGQRNR" executionId="93b0e3f2-84d1-4e11-b369-b0f3619d8f09" outcome="Passed" startTime="2023-02-02T11:28:04.071Z" endTime="2023-02-02T11:28:04.433Z" duration="00:00:00.362"/>
<UnitTestResult testName="trx-exception" testType="13cdc9d9-ddb5-4fa4-a97d-d965ccfc6d4b" testId="01ce8f93-9bd0-5008-82dc-83ea6db527b7" testListId="8c84fa94-04c1-424b-9868-57a2d4851a1d" computerName="MININT-JGGQRNR" executionId="f243b1e8-ef19-4a96-ab7e-68e4e1fff664" outcome="Failed" startTime="2023-02-02T11:28:04.434Z" endTime="2023-02-02T11:28:04.728Z" duration="00:00:00.294">
<Output>
<ErrorInfo>
<StackTrace>
<![CDATA[
    at D:\MyRepo\trx-reporter-for-playwright\playwright-tests\example.spec.ts:30:9]]>
</StackTrace>
<Message>
<![CDATA[Error: ]]>
</Message>
</ErrorInfo>
</Output>
</UnitTestResult>
<UnitTestResult testName="trx-retry-when-failed" testType="13cdc9d9-ddb5-4fa4-a97d-d965ccfc6d4b" testId="f1fbf9d4-af2b-5277-b100-558d02b71af2" testListId="8c84fa94-04c1-424b-9868-57a2d4851a1d" computerName="MININT-JGGQRNR" executionId="496abc9d-ab41-4ab3-b823-1acf71e9e427" outcome="Failed" startTime="2023-02-02T11:28:04.730Z" endTime="2023-02-02T11:28:05.053Z" duration="00:00:00.323">
<Output>
<ErrorInfo>
<StackTrace>
<![CDATA[
    at D:\MyRepo\trx-reporter-for-playwright\playwright-tests\example.spec.ts:35:11]]>
</StackTrace>
<Message>
<![CDATA[Error: ]]>
</Message>
</ErrorInfo>
</Output>
<ResultFiles>
<ResultFile path="D:\MyRepo\trx-reporter-for-playwright\test-results\example-trx-retry-when-failed-chromium\video.webm"/>
<ResultFile path="D:\MyRepo\trx-reporter-for-playwright\test-results\example-trx-retry-when-failed-chromium\trace.zip"/>
<ResultFile path="D:\MyRepo\trx-reporter-for-playwright\test-results\example-trx-retry-when-failed-chromium\test-failed-1.png"/>
</ResultFiles>
</UnitTestResult>
<UnitTestResult testName="trx-retry-when-failed" testType="13cdc9d9-ddb5-4fa4-a97d-d965ccfc6d4b" testId="f1fbf9d4-af2b-5277-b100-558d02b71af2" testListId="8c84fa94-04c1-424b-9868-57a2d4851a1d" computerName="MININT-JGGQRNR" executionId="afe15d7f-d0e5-4c81-81db-2a1aa36c915d" outcome="Passed" startTime="2023-02-02T11:28:05.657Z" endTime="2023-02-02T11:28:06.007Z" duration="00:00:00.350"/>
<UnitTestResult testName="trx-stdout" testType="13cdc9d9-ddb5-4fa4-a97d-d965ccfc6d4b" testId="18225929-31e3-52ff-a669-7df9fe804a08" testListId="8c84fa94-04c1-424b-9868-57a2d4851a1d" computerName="MININT-JGGQRNR" executionId="6f3c7625-ac47-4193-8f46-771fb177f767" outcome="Passed" startTime="2023-02-02T11:28:06.737Z" endTime="2023-02-02T11:28:07.102Z" duration="00:00:00.365">
<Output>
<StdOut>
<![CDATA[output to std out stream
]]>
</StdOut>
</Output>
</UnitTestResult>
<UnitTestResult testName="trx-stderr" testType="13cdc9d9-ddb5-4fa4-a97d-d965ccfc6d4b" testId="32bbf147-3f79-5604-b8d9-5fdd5f912808" testListId="8c84fa94-04c1-424b-9868-57a2d4851a1d" computerName="MININT-JGGQRNR" executionId="21788887-e2d7-4137-92be-15d07f6d9b3c" outcome="Passed" startTime="2023-02-02T11:28:07.104Z" endTime="2023-02-02T11:28:07.544Z" duration="00:00:00.440">
<Output>
<StdErr>
<![CDATA[output to std err stream
]]>
</StdErr>
</Output>
</UnitTestResult>
<UnitTestResult testName="trx-attachment-text" testType="13cdc9d9-ddb5-4fa4-a97d-d965ccfc6d4b" testId="c95cc757-d94d-5cb4-bd6e-c794d1e4624e" testListId="8c84fa94-04c1-424b-9868-57a2d4851a1d" computerName="MININT-JGGQRNR" executionId="219ef51e-2b78-4c2f-b763-1a3d4474cd42" outcome="Passed" startTime="2023-02-02T11:28:07.545Z" endTime="2023-02-02T11:28:07.814Z" duration="00:00:00.269">
<ResultFiles>
<ResultFile path="D:\MyRepo\trx-reporter-for-playwright\test-results\example-trx-attachment-text-chromium\attachments\text-attachment-d1acfa6312f42e80e95cf958223fc9a597628d00.txt"/>
</ResultFiles>
</UnitTestResult>
<UnitTestResult testName="trx-attachment-png" testType="13cdc9d9-ddb5-4fa4-a97d-d965ccfc6d4b" testId="c0e565df-9e66-570f-8028-927454205bcd" testListId="8c84fa94-04c1-424b-9868-57a2d4851a1d" computerName="MININT-JGGQRNR" executionId="787fd69b-4324-414e-a5b6-8c56ecc85f56" outcome="Passed" startTime="2023-02-02T11:28:07.816Z" endTime="2023-02-02T11:28:08.099Z" duration="00:00:00.283">
<ResultFiles>
<ResultFile path="D:\MyRepo\trx-reporter-for-playwright\test-results\example-trx-attachment-png-chromium\attachments\text-attachment-27d28f0ecc04dc78df90877641490bf7b6fae518.png"/>
</ResultFiles>
</UnitTestResult>
<UnitTestResult testName="trx-out-of-time" testType="13cdc9d9-ddb5-4fa4-a97d-d965ccfc6d4b" testId="81fa697e-f6ee-5542-b2f8-c13837512c20" testListId="8c84fa94-04c1-424b-9868-57a2d4851a1d" computerName="MININT-JGGQRNR" executionId="b4b69980-8e25-465a-9306-2028db248673" outcome="Passed" startTime="2023-02-02T11:28:08.100Z" endTime="2023-02-02T11:28:08.391Z" duration="00:00:00.291">
<Output>
<StdOut>
<![CDATA[[out-of-time]: log
]]>
</StdOut>
<StdErr>
<![CDATA[[out-of-time]: error
]]>
</StdErr>
</Output>
</UnitTestResult>
<UnitTestResult testName="auto" testType="13cdc9d9-ddb5-4fa4-a97d-d965ccfc6d4b" testId="2c91d602-0f17-5c1e-9936-9b0ef9c51917" testListId="8c84fa94-04c1-424b-9868-57a2d4851a1d" computerName="MININT-JGGQRNR" executionId="777e5e81-67c7-4a01-9cb0-d107c68f3a72" outcome="Passed" startTime="2023-02-02T11:28:08.393Z" endTime="2023-02-02T11:28:08.395Z" duration="00:00:00.002"/>
</Results>
<ResultSummary outcome="Passed">
<Counters total="11" error="0" failed="2" timeout="0" aborted="0" inconclusive="0" passedButRunAborted="0" notRunnable="0" notExecuted="0" executed="11" disconnected="0" warning="0" passed="9" completed="0" inProgress="0" pending="0"/>
</ResultSummary>
</TestRun>