<TestRun id="7562cea2-ff7c-461e-bc80-c713ac74e25b" name="MININT-JGGQRNR\songgao 2023-10-31T08:41:38.375Z" runUser="MININT-JGGQRNR\songgao" xmlns="http://microsoft.com/schemas/VisualStudio/TeamTest/2010">
<Times creation="2023-10-31T08:41:38.375Z" finish="2023-10-31T08:41:50.771Z"/>
<Results>
<UnitTestResult testName="chromium &gt; example.spec.ts &gt; trx-owner" testType="13cdc9d9-ddb5-4fa4-a97d-d965ccfc6d4b" testId="9d791c3d-6695-5db3-a9b4-a3b0c6eed934" testListId="8c84fa94-04c1-424b-9868-57a2d4851a1d" computerName="MININT-JGGQRNR" executionId="367639c6-c33e-402e-9961-77778a0b918d" outcome="Passed" startTime="2023-10-31T08:41:39.117Z" endTime="2023-10-31T08:41:39.693Z" duration="00:00:00.576"/>
<UnitTestResult testName="chromium &gt; example.spec.ts &gt; trx-priority" testType="13cdc9d9-ddb5-4fa4-a97d-d965ccfc6d4b" testId="04568db8-8468-57c2-9447-9f9bfec179a5" testListId="8c84fa94-04c1-424b-9868-57a2d4851a1d" computerName="MININT-JGGQRNR" executionId="644d4fa5-64b1-4a84-98e6-abb9f11d53b2" outcome="Passed" startTime="2023-10-31T08:41:40.987Z" endTime="2023-10-31T08:41:41.306Z" duration="00:00:00.319"/>
<UnitTestResult testName="chromium &gt; example.spec.ts &gt; trx-exception" testType="13cdc9d9-ddb5-4fa4-a97d-d965ccfc6d4b" testId="01ce8f93-9bd0-5008-82dc-83ea6db527b7" testListId="8c84fa94-04c1-424b-9868-57a2d4851a1d" computerName="MININT-JGGQRNR" executionId="f77c1e04-dfcd-4d73-be8d-7911cfc35dd1" outcome="Failed" startTime="2023-10-31T08:41:41.308Z" endTime="2023-10-31T08:41:41.609Z" duration="00:00:00.301">
<Output>
<ErrorInfo>
<Message>
<![CDATA[Error: Error message from 'trx-exception']]>
</Message>
<StackTrace>
<![CDATA[
    at D:\MyRepo\trx-reporter-for-playwright\playwright-tests\example.spec.ts:30:9]]>
</StackTrace>
</ErrorInfo>
</Output>
</UnitTestResult>
<UnitTestResult testName="chromium &gt; example.spec.ts &gt; trx-retry-when-failed" testType="13cdc9d9-ddb5-4fa4-a97d-d965ccfc6d4b" testId="f1fbf9d4-af2b-5277-b100-558d02b71af2" testListId="8c84fa94-04c1-424b-9868-57a2d4851a1d" computerName="MININT-JGGQRNR" executionId="c6307b04-da1d-44e6-b3d5-adaf44f32857" outcome="Failed" startTime="2023-10-31T08:41:41.611Z" endTime="2023-10-31T08:41:41.968Z" duration="00:00:00.357">
<Output>
<ErrorInfo>
<Message>
<![CDATA[Error: ]]>
</Message>
<StackTrace>
<![CDATA[
    at D:\MyRepo\trx-reporter-for-playwright\playwright-tests\example.spec.ts:35:11]]>
</StackTrace>
</ErrorInfo>
</Output>
<ResultFiles>
<ResultFile path="D:\MyRepo\trx-reporter-for-playwright\test-results\example-trx-retry-when-failed-chromium\video.webm"/>
<ResultFile path="D:\MyRepo\trx-reporter-for-playwright\test-results\example-trx-retry-when-failed-chromium\trace.zip"/>
<ResultFile path="D:\MyRepo\trx-reporter-for-playwright\test-results\example-trx-retry-when-failed-chromium\test-failed-1.png"/>
</ResultFiles>
</UnitTestResult>
<UnitTestResult testName="chromium &gt; example.spec.ts &gt; trx-stdout" testType="13cdc9d9-ddb5-4fa4-a97d-d965ccfc6d4b" testId="18225929-31e3-52ff-a669-7df9fe804a08" testListId="8c84fa94-04c1-424b-9868-57a2d4851a1d" computerName="MININT-JGGQRNR" executionId="32641958-c6ac-4478-a0d4-b19e8c2783f6" outcome="Passed" startTime="2023-10-31T08:41:43.691Z" endTime="2023-10-31T08:41:43.980Z" duration="00:00:00.289">
<Output>
<StdOut>
<![CDATA[output to std out stream
]]>
</StdOut>
</Output>
</UnitTestResult>
<UnitTestResult testName="chromium &gt; example.spec.ts &gt; trx-stderr" testType="13cdc9d9-ddb5-4fa4-a97d-d965ccfc6d4b" testId="32bbf147-3f79-5604-b8d9-5fdd5f912808" testListId="8c84fa94-04c1-424b-9868-57a2d4851a1d" computerName="MININT-JGGQRNR" executionId="88295d68-9fa0-47f0-a765-291a91b76d8a" outcome="NotExecuted" startTime="2023-10-31T08:41:43.982Z" endTime="2023-10-31T08:41:43.982Z" duration="00:00:00.000"/>
<UnitTestResult testName="chromium &gt; example.spec.ts &gt; trx-attachment-text" testType="13cdc9d9-ddb5-4fa4-a97d-d965ccfc6d4b" testId="c95cc757-d94d-5cb4-bd6e-c794d1e4624e" testListId="8c84fa94-04c1-424b-9868-57a2d4851a1d" computerName="MININT-JGGQRNR" executionId="a0128fe4-5a9d-4fc9-a325-e8cb1e78632c" outcome="Passed" startTime="2023-10-31T08:41:43.983Z" endTime="2023-10-31T08:41:44.278Z" duration="00:00:00.295">
<ResultFiles>
<ResultFile path="D:\MyRepo\trx-reporter-for-playwright\test-results\example-trx-attachment-text-chromium\attachments\text-attachment-d1acfa6312f42e80e95cf958223fc9a597628d00.txt"/>
</ResultFiles>
</UnitTestResult>
<UnitTestResult testName="chromium &gt; example.spec.ts &gt; trx-attachment-png" testType="13cdc9d9-ddb5-4fa4-a97d-d965ccfc6d4b" testId="c0e565df-9e66-570f-8028-927454205bcd" testListId="8c84fa94-04c1-424b-9868-57a2d4851a1d" computerName="MININT-JGGQRNR" executionId="d9662de9-e94b-4741-8e4d-777682124e25" outcome="Passed" startTime="2023-10-31T08:41:44.280Z" endTime="2023-10-31T08:41:44.620Z" duration="00:00:00.340">
<ResultFiles>
<ResultFile path="D:\MyRepo\trx-reporter-for-playwright\test-results\example-trx-attachment-png-chromium\attachments\text-attachment-27d28f0ecc04dc78df90877641490bf7b6fae518.png"/>
</ResultFiles>
</UnitTestResult>
<UnitTestResult testName="chromium &gt; example.spec.ts &gt; trx-out-of-time" testType="13cdc9d9-ddb5-4fa4-a97d-d965ccfc6d4b" testId="81fa697e-f6ee-5542-b2f8-c13837512c20" testListId="8c84fa94-04c1-424b-9868-57a2d4851a1d" computerName="MININT-JGGQRNR" executionId="fea0ec34-d3c1-4433-aa0a-7165c07dba44" outcome="Timeout" startTime="2023-10-31T08:41:44.622Z" endTime="2023-10-31T08:41:44.819Z" duration="00:00:00.197">
<Output>
<StdOut>
<![CDATA[[out-of-time]: log
]]>
</StdOut>
<StdErr>
<![CDATA[[out-of-time]: error
]]>
</StdErr>
</Output>
<ResultFiles>
<ResultFile path="D:\MyRepo\trx-reporter-for-playwright\test-results\example-trx-out-of-time-chromium\video.webm"/>
<ResultFile path="D:\MyRepo\trx-reporter-for-playwright\test-results\example-trx-out-of-time-chromium\trace.zip"/>
<ResultFile path="D:\MyRepo\trx-reporter-for-playwright\test-results\example-trx-out-of-time-chromium\test-failed-1.png"/>
</ResultFiles>
</UnitTestResult>
<UnitTestResult testName="chromium &gt; example.spec.ts &gt; trx-out-of-time-with-web" testType="13cdc9d9-ddb5-4fa4-a97d-d965ccfc6d4b" testId="490d4ceb-6fed-5415-ba29-85d07d42ba27" testListId="8c84fa94-04c1-424b-9868-57a2d4851a1d" computerName="MININT-JGGQRNR" executionId="d0db92dc-2cfa-442c-8108-5f4c1b83c6d3" outcome="Failed" startTime="2023-10-31T08:41:47.267Z" endTime="2023-10-31T08:41:47.710Z" duration="00:00:00.443">
<Output>
<ErrorInfo>
<Message>
<![CDATA[page.goto: Protocol error (Page.navigate): Cannot navigate to invalid URL
=========================== logs ===========================
navigating to "www.baidu.com", waiting until "load"
============================================================]]>
</Message>
<StackTrace>
<![CDATA[
    at D:\MyRepo\trx-reporter-for-playwright\playwright-tests\example.spec.ts:68:14]]>
</StackTrace>
</ErrorInfo>
</Output>
<ResultFiles>
<ResultFile path="D:\MyRepo\trx-reporter-for-playwright\test-results\example-trx-out-of-time-with-web-chromium\video.webm"/>
<ResultFile path="D:\MyRepo\trx-reporter-for-playwright\test-results\example-trx-out-of-time-with-web-chromium\trace.zip"/>
<ResultFile path="D:\MyRepo\trx-reporter-for-playwright\test-results\example-trx-out-of-time-with-web-chromium\test-failed-1.png"/>
</ResultFiles>
</UnitTestResult>
<UnitTestResult testName="chromium &gt; example.spec.ts &gt; auto" testType="13cdc9d9-ddb5-4fa4-a97d-d965ccfc6d4b" testId="2c91d602-0f17-5c1e-9936-9b0ef9c51917" testListId="8c84fa94-04c1-424b-9868-57a2d4851a1d" computerName="MININT-JGGQRNR" executionId="aba3df92-eb1a-4c3a-afe7-14f02f5f406b" outcome="Passed" startTime="2023-10-31T08:41:50.758Z" endTime="2023-10-31T08:41:50.765Z" duration="00:00:00.007"/>
</Results>
<TestDefinitions>
<UnitTest id="9d791c3d-6695-5db3-a9b4-a3b0c6eed934" name="chromium &gt; example.spec.ts &gt; chromium &gt; example.spec.ts &gt; trx-owner" storage="D:\MyRepo\trx-reporter-for-playwright\playwright-tests\example.spec.ts">
<Owners>
<Owner name="Song Gao"/>
</Owners>
<TestMethod className="chromium &gt; example.spec.ts" codeBase="D:\MyRepo\trx-reporter-for-playwright\playwright-tests\example.spec.ts" name="chromium &gt; example.spec.ts &gt; trx-owner"/>
</UnitTest>
<UnitTest id="04568db8-8468-57c2-9447-9f9bfec179a5" name="chromium &gt; example.spec.ts &gt; chromium &gt; example.spec.ts &gt; trx-priority" priority="1" storage="D:\MyRepo\trx-reporter-for-playwright\playwright-tests\example.spec.ts">
<TestMethod className="chromium &gt; example.spec.ts" codeBase="D:\MyRepo\trx-reporter-for-playwright\playwright-tests\example.spec.ts" name="chromium &gt; example.spec.ts &gt; trx-priority"/>
</UnitTest>
<UnitTest id="01ce8f93-9bd0-5008-82dc-83ea6db527b7" name="chromium &gt; example.spec.ts &gt; chromium &gt; example.spec.ts &gt; trx-exception" storage="D:\MyRepo\trx-reporter-for-playwright\playwright-tests\example.spec.ts">
<TestMethod className="chromium &gt; example.spec.ts" codeBase="D:\MyRepo\trx-reporter-for-playwright\playwright-tests\example.spec.ts" name="chromium &gt; example.spec.ts &gt; trx-exception"/>
</UnitTest>
<UnitTest id="f1fbf9d4-af2b-5277-b100-558d02b71af2" name="chromium &gt; example.spec.ts &gt; chromium &gt; example.spec.ts &gt; trx-retry-when-failed" storage="D:\MyRepo\trx-reporter-for-playwright\playwright-tests\example.spec.ts">
<TestMethod className="chromium &gt; example.spec.ts" codeBase="D:\MyRepo\trx-reporter-for-playwright\playwright-tests\example.spec.ts" name="chromium &gt; example.spec.ts &gt; trx-retry-when-failed"/>
</UnitTest>
<UnitTest id="18225929-31e3-52ff-a669-7df9fe804a08" name="chromium &gt; example.spec.ts &gt; chromium &gt; example.spec.ts &gt; trx-stdout" storage="D:\MyRepo\trx-reporter-for-playwright\playwright-tests\example.spec.ts">
<TestMethod className="chromium &gt; example.spec.ts" codeBase="D:\MyRepo\trx-reporter-for-playwright\playwright-tests\example.spec.ts" name="chromium &gt; example.spec.ts &gt; trx-stdout"/>
</UnitTest>
<UnitTest id="32bbf147-3f79-5604-b8d9-5fdd5f912808" name="chromium &gt; example.spec.ts &gt; chromium &gt; example.spec.ts &gt; trx-stderr" storage="D:\MyRepo\trx-reporter-for-playwright\playwright-tests\example.spec.ts">
<TestMethod className="chromium &gt; example.spec.ts" codeBase="D:\MyRepo\trx-reporter-for-playwright\playwright-tests\example.spec.ts" name="chromium &gt; example.spec.ts &gt; trx-stderr"/>
</UnitTest>
<UnitTest id="c95cc757-d94d-5cb4-bd6e-c794d1e4624e" name="chromium &gt; example.spec.ts &gt; chromium &gt; example.spec.ts &gt; trx-attachment-text" storage="D:\MyRepo\trx-reporter-for-playwright\playwright-tests\example.spec.ts">
<TestMethod className="chromium &gt; example.spec.ts" codeBase="D:\MyRepo\trx-reporter-for-playwright\playwright-tests\example.spec.ts" name="chromium &gt; example.spec.ts &gt; trx-attachment-text"/>
</UnitTest>
<UnitTest id="c0e565df-9e66-570f-8028-927454205bcd" name="chromium &gt; example.spec.ts &gt; chromium &gt; example.spec.ts &gt; trx-attachment-png" storage="D:\MyRepo\trx-reporter-for-playwright\playwright-tests\example.spec.ts">
<TestMethod className="chromium &gt; example.spec.ts" codeBase="D:\MyRepo\trx-reporter-for-playwright\playwright-tests\example.spec.ts" name="chromium &gt; example.spec.ts &gt; trx-attachment-png"/>
</UnitTest>
<UnitTest id="81fa697e-f6ee-5542-b2f8-c13837512c20" name="chromium &gt; example.spec.ts &gt; chromium &gt; example.spec.ts &gt; trx-out-of-time" storage="D:\MyRepo\trx-reporter-for-playwright\playwright-tests\example.spec.ts">
<TestMethod className="chromium &gt; example.spec.ts" codeBase="D:\MyRepo\trx-reporter-for-playwright\playwright-tests\example.spec.ts" name="chromium &gt; example.spec.ts &gt; trx-out-of-time"/>
</UnitTest>
<UnitTest id="490d4ceb-6fed-5415-ba29-85d07d42ba27" name="chromium &gt; example.spec.ts &gt; chromium &gt; example.spec.ts &gt; trx-out-of-time-with-web" storage="D:\MyRepo\trx-reporter-for-playwright\playwright-tests\example.spec.ts">
<TestMethod className="chromium &gt; example.spec.ts" codeBase="D:\MyRepo\trx-reporter-for-playwright\playwright-tests\example.spec.ts" name="chromium &gt; example.spec.ts &gt; trx-out-of-time-with-web"/>
</UnitTest>
<UnitTest id="2c91d602-0f17-5c1e-9936-9b0ef9c51917" name="chromium &gt; example.spec.ts &gt; chromium &gt; example.spec.ts &gt; auto" priority="5" storage="D:\MyRepo\trx-reporter-for-playwright\playwright-tests\example.spec.ts">
<Owners>
<Owner name="Someone"/>
</Owners>
<TestMethod className="chromium &gt; example.spec.ts" codeBase="D:\MyRepo\trx-reporter-for-playwright\playwright-tests\example.spec.ts" name="chromium &gt; example.spec.ts &gt; auto"/>
</UnitTest>
</TestDefinitions>
<TestEntries>
<TestEntry testId="9d791c3d-6695-5db3-a9b4-a3b0c6eed934" executionId="367639c6-c33e-402e-9961-77778a0b918d" testListId="8c84fa94-04c1-424b-9868-57a2d4851a1d"/>
<TestEntry testId="04568db8-8468-57c2-9447-9f9bfec179a5" executionId="644d4fa5-64b1-4a84-98e6-abb9f11d53b2" testListId="8c84fa94-04c1-424b-9868-57a2d4851a1d"/>
<TestEntry testId="01ce8f93-9bd0-5008-82dc-83ea6db527b7" executionId="f77c1e04-dfcd-4d73-be8d-7911cfc35dd1" testListId="8c84fa94-04c1-424b-9868-57a2d4851a1d"/>
<TestEntry testId="f1fbf9d4-af2b-5277-b100-558d02b71af2" executionId="c6307b04-da1d-44e6-b3d5-adaf44f32857" testListId="8c84fa94-04c1-424b-9868-57a2d4851a1d"/>
<TestEntry testId="18225929-31e3-52ff-a669-7df9fe804a08" executionId="32641958-c6ac-4478-a0d4-b19e8c2783f6" testListId="8c84fa94-04c1-424b-9868-57a2d4851a1d"/>
<TestEntry testId="32bbf147-3f79-5604-b8d9-5fdd5f912808" executionId="88295d68-9fa0-47f0-a765-291a91b76d8a" testListId="8c84fa94-04c1-424b-9868-57a2d4851a1d"/>
<TestEntry testId="c95cc757-d94d-5cb4-bd6e-c794d1e4624e" executionId="a0128fe4-5a9d-4fc9-a325-e8cb1e78632c" testListId="8c84fa94-04c1-424b-9868-57a2d4851a1d"/>
<TestEntry testId="c0e565df-9e66-570f-8028-927454205bcd" executionId="d9662de9-e94b-4741-8e4d-777682124e25" testListId="8c84fa94-04c1-424b-9868-57a2d4851a1d"/>
<TestEntry testId="81fa697e-f6ee-5542-b2f8-c13837512c20" executionId="fea0ec34-d3c1-4433-aa0a-7165c07dba44" testListId="8c84fa94-04c1-424b-9868-57a2d4851a1d"/>
<TestEntry testId="490d4ceb-6fed-5415-ba29-85d07d42ba27" executionId="d0db92dc-2cfa-442c-8108-5f4c1b83c6d3" testListId="8c84fa94-04c1-424b-9868-57a2d4851a1d"/>
<TestEntry testId="2c91d602-0f17-5c1e-9936-9b0ef9c51917" executionId="aba3df92-eb1a-4c3a-afe7-14f02f5f406b" testListId="8c84fa94-04c1-424b-9868-57a2d4851a1d"/>
</TestEntries>
<TestLists>
<TestList id="8c84fa94-04c1-424b-9868-57a2d4851a1d" name="Results Not in a List"/>
<TestList id="19431567-8539-422a-85d7-44ee4e166bda" name="All Loaded Results"/>
</TestLists>
<ResultSummary outcome="Failed">
<Counters total="11" executed="10" passed="6" failed="4" error="0" timeout="0" aborted="0" inconclusive="0" passedButRunAborted="0" notRunnable="0" notExecuted="1" disconnected="0" warning="0" completed="0" inProgress="0" pending="0"/>
</ResultSummary>
</TestRun>